This is a test file.<br />The intention is to use it for a manual test of HtmlConverter.<br />The following lines have some characters that need escaping:<br /><br />    &quot;This is quoted&quot; &amp; &lt;this has brackets&gt;<br />
